[
  {
    "s": "hello",
    "i": 1,
    "f": 1.5,
    "b": true,
    "d": "2024-01-02",
    "ts": "2024-01-02 03:04:05"
  },
  {
    "s": "pipe|and,comma \"q\"",
    "i": -42,
    "f": -0.25,
    "b": false,
    "d": "1969-12-31",
    "ts": "2023-06-30 23:59:59"
  },
  {
    "s": null,
    "i": null,
    "f": null,
    "b": null,
    "d": null,
    "ts": null
  }
]
